I'm sorry, but errors were detected in your script. Please correct the
errors listed below, and try again.


File "game/screens.rpy", line 97: expected statement.
    example say_screen:
                      ^

File "game/screens.rpy", line 187: keyword argument 'xpos' is incompatible with 'xalign'.
    xpos gui.dialogue_xpos
        ^

Ren'Py Version: Ren'Py 8.3.2.24090902
Sat Jun 14 16:07:38 2025
